Microchip MPLAB XC8 Compiler V1.32 ()

Linker command line:

--edf=C:\Program Files (x86)\Microchip\xc8\v1.32\dat\en_msgs.txt -cs \
  -h+dist/PIC12LF1571/production\lAAAHzertag.X.production.sym \
  --cmf=dist/PIC12LF1571/production\lAAAHzertag.X.production.cmf -z \
  -Q12LF1572 -oC:\Users\Banks\AppData\Local\Temp\s3bec.6 \
  -Mdist/PIC12LF1571/production/lAAAHzertag.X.production.map -E1 -ver=XC8 \
  -ASTACK=02082h-020efh -pstack=STACK -ACONST=00h-0FFhx7,0700h-07CFh \
  -ACODE=00h-07CFh -ASTRCODE=00h-07CFh -AENTRY=00h-0FFhx7,0700h-07CFh \
  -ASTRING=00h-0FFhx7,0700h-07CFh -ACOMMON=070h-07Fh -ABANK0=020h-06Fh \
  -ABANK1=0A0h-0EFh -ABANK2=0120h-016Fh -ABIGRAM=02000h-020EFh \
  -ARAM=020h-06Fh,0A0h-0EFh,0120h-016Fh \
  -AABS1=020h-07Fh,0A0h-0EFh,0120h-016Fh -ASFR0=00h-01Fh -ASFR1=080h-09Fh \
  -ASFR2=0100h-011Fh -ASFR3=0180h-01EFh -ASFR4=0200h-026Fh \
  -ASFR5=0280h-02EFh -ASFR6=0300h-036Fh -ASFR7=0380h-03EFh \
  -ASFR8=0400h-046Fh -ASFR9=0480h-04EFh -ASFR10=0500h-056Fh \
  -ASFR11=0580h-05EFh -ASFR12=0600h-066Fh -ASFR13=0680h-06EFh \
  -ASFR14=0700h-076Fh -ASFR15=0780h-07EFh -ASFR16=0800h-086Fh \
  -ASFR17=0880h-08EFh -ASFR18=0900h-096Fh -ASFR19=0980h-09EFh \
  -ASFR20=0A00h-0A6Fh -ASFR21=0A80h-0AEFh -ASFR22=0B00h-0B6Fh \
  -ASFR23=0B80h-0BEFh -ASFR24=0C00h-0C6Fh -ASFR25=0C80h-0CEFh \
  -ASFR26=0D00h-0D6Fh -ASFR27=0D80h-0DEFh -ASFR28=0E00h-0E6Fh \
  -ASFR29=0E80h-0EEFh -ASFR30=0F00h-0F6Fh -ASFR31=0F80h-0FEFh \
  -preset_vec=00h,intentry=04h,init,end_init -ppowerup=CODE -pcinit=CODE \
  -pfunctab=CODE -ACONFIG=08007h-08008h -pconfig=CONFIG -DCONFIG=2 \
  -AIDLOC=08000h-08003h -pidloc=IDLOC -DIDLOC=2 -DCODE=2 -DSTRCODE=2 \
  -DSTRING=2 -DCONST=2 -DENTRY=2 -k \
  C:\Users\Banks\AppData\Local\Temp\s3bec.obj \
  dist/PIC12LF1571/production\lAAAHzertag.X.production.obj 

Object code version is 3.11

Machine type is 12LF1572



                Name                               Link     Load   Length Selector   Space Scale
C:\Users\Banks\AppData\Local\Temp\s3bec.obj
                end_init                             17       17        1        8       0
                reset_vec                             0        0        2        0       0
                config                             8007     8007        2    1000E       0
dist/PIC12LF1571/production\lAAAHzertag.X.production.obj
                cinit                                18       18       10        8       0
                intentry                              4        4       13        8       0
                text25                              777      777       25      CB0       0
                text24                              6FF      6FF       47      CB0       0
                text23                              449      449       60        8       0
                text22                              507      507       23        8       0
                text21                              569      569       1D        8       0
                text20                              5D6      5D6        4        8       0
                text19                              5BF      5BF        7        8       0
                text18                              7C0      7C0        E      CB0       0
                text17                              5DD      5DD        3        8       0
                text16                              79C      79C       24      CB0       0
                text15                              5D1      5D1        5        8       0
                text14                              5DA      5DA        3        8       0
                text13                              5CC      5CC        5        8       0
                text12                              3CB      3CB       7E        8       0
                text11                              658      658       54      CB0       0
                text10                              54C      54C       1D        8       0
                text9                               52A      52A       22        8       0
                text8                               5B5      5B5        A        8       0
                text7                               5A9      5A9        C        8       0
                text6                                28       28      31B        8       0
                text5                               586      586       17        8       0
                text4                               746      746       31      CB0       0
                text3                               4A9      4A9       5E        8       0
                text2                               343      343       88        8       0
                text1                               6AC      6AC       53      CB0       0
                maintext                            59D      59D        C        8       0
                cstackBANK0                          20       20       36       20       1
                cstackCOMMON                         70       70        C       70       1
                clrtext                             5C6      5C6        6        8       0
                bssBANK1                             A0       A0       32       A0       1
                bssBANK0                             56       56       12       20       1
                bssCOMMON                            7C       7C        1       70       1
                stringtext                          600      600       58        C       0

TOTAL           Name                               Link     Load   Length     Space
        CLASS   STACK          

        CLASS   CONST          

        CLASS   CODE           
                end_init                             17       17        1         0
                cinit                                18       18       10         0
                intentry                              4        4       13         0
                reset_vec                             0        0        2         0
                text25                              777      777       25         0
                text24                              6FF      6FF       47         0
                text23                              449      449       60         0
                text22                              507      507       23         0
                text21                              569      569       1D         0
                text20                              5D6      5D6        4         0
                text19                              5BF      5BF        7         0
                text18                              7C0      7C0        E         0
                text17                              5DD      5DD        3         0
                text16                              79C      79C       24         0
                text15                              5D1      5D1        5         0
                text14                              5DA      5DA        3         0
                text13                              5CC      5CC        5         0
                text12                              3CB      3CB       7E         0
                text11                              658      658       54         0
                text10                              54C      54C       1D         0
                text9                               52A      52A       22         0
                text8                               5B5      5B5        A         0
                text7                               5A9      5A9        C         0
                text6                                28       28      31B         0
                text5                               586      586       17         0
                text4                               746      746       31         0
                text3                               4A9      4A9       5E         0
                text2                               343      343       88         0
                text1                               6AC      6AC       53         0
                maintext                            59D      59D        C         0
                clrtext                             5C6      5C6        6         0

        CLASS   STRCODE        
                stringtext                          600      600       58         0

        CLASS   ENTRY          

        CLASS   STRING         

        CLASS   COMMON         
                cstackCOMMON                         70       70        C         1
                bssCOMMON                            7C       7C        1         1

        CLASS   BANK0          
                cstackBANK0                          20       20       36         1
                bssBANK0                             56       56       12         1

        CLASS   BANK1          
                bssBANK1                             A0       A0       32         1

        CLASS   BANK2          

        CLASS   BIGRAM         

        CLASS   RAM            

        CLASS   ABS1           
                abs_s1                               7E       7E        2         1

        CLASS   SFR0           

        CLASS   SFR1           

        CLASS   SFR2           

        CLASS   SFR3           

        CLASS   SFR4           

        CLASS   SFR5           

        CLASS   SFR6           

        CLASS   SFR7           

        CLASS   SFR8           

        CLASS   SFR9           

        CLASS   SFR10          

        CLASS   SFR11          

        CLASS   SFR12          

        CLASS   SFR13          

        CLASS   SFR14          

        CLASS   SFR15          

        CLASS   SFR16          

        CLASS   SFR17          

        CLASS   SFR18          

        CLASS   SFR19          

        CLASS   SFR20          

        CLASS   SFR21          

        CLASS   SFR22          

        CLASS   SFR23          

        CLASS   SFR24          

        CLASS   SFR25          

        CLASS   SFR26          

        CLASS   SFR27          

        CLASS   SFR28          

        CLASS   SFR29          

        CLASS   SFR30          

        CLASS   SFR31          

        CLASS   CONFIG         
                config                             8007     8007        2         0

        CLASS   IDLOC          

        CLASS   BANK31         

        CLASS   BANK30         

        CLASS   BANK29         

        CLASS   BANK28         

        CLASS   BANK27         

        CLASS   BANK26         

        CLASS   BANK25         

        CLASS   BANK24         

        CLASS   BANK23         

        CLASS   BANK22         

        CLASS   BANK21         

        CLASS   BANK20         

        CLASS   BANK19         

        CLASS   BANK18         

        CLASS   BANK17         

        CLASS   BANK16         

        CLASS   BANK15         

        CLASS   BANK14         

        CLASS   BANK13         

        CLASS   BANK12         

        CLASS   BANK11         

        CLASS   BANK10         

        CLASS   BANK9          

        CLASS   BANK8          

        CLASS   BANK7          

        CLASS   BANK6          

        CLASS   BANK5          

        CLASS   BANK4          

        CLASS   BANK3          

        CLASS   EEDATA         



SEGMENTS        Name                           Load    Length   Top    Selector   Space  Class     Delta

                reset_vec                      000000  000002  000002         0       0  CODE        2
                intentry                       000004  0005DC  0005E0         8       0  CODE        2
                cstackBANK0                    000020  000048  000068        20       1  BANK0       1
                cstackCOMMON                   000070  00000D  00007D        70       1  COMMON      1
                bssBANK1                       0000A0  000032  0000D2        A0       1  BANK1       1
                stringtext                     000600  000058  000658         C       0  STRCODE     2
                text11                         000658  000176  0007CE       CB0       0  CODE        2
                config                         008007  000002  008009     1000E       0  CONFIG      2


UNUSED ADDRESS RANGES

        Name                Unused          Largest block    Delta
        BANK0            00068-0006F               8           1
        BANK1            000D2-000EF              1E           1
        BANK2            00120-0016F              50           1
        BIGRAM           02000-020EF              F0           1
        CODE             00002-00003               2           2
                         005E0-005FF              20
                         007CE-007CF               2
        COMMON           0007D-0007D               1           1
        CONST            00002-00003               2           2
                         005E0-005FF              20
                         007CE-007CF               2
        ENTRY            00002-00003               2           2
                         005E0-005FF              20
                         007CE-007CF               2
        IDLOC            08000-08003               4           2
        RAM              00068-0006F               8           1
                         000D2-000EF              1E
                         00120-0016F              50
        SFR0             00000-0001F              20           1
        SFR1             00080-0009F              20           1
        SFR10            00500-0056F              70           1
        SFR11            00580-005EF              70           1
        SFR12            00600-0066F              70           1
        SFR13            00680-006EF              70           1
        SFR14            00700-0076F              70           1
        SFR15            00780-007EF              70           1
        SFR16            00800-0086F              70           1
        SFR17            00880-008EF              70           1
        SFR18            00900-0096F              70           1
        SFR19            00980-009EF              70           1
        SFR2             00100-0011F              20           1
        SFR20            00A00-00A6F              70           1
        SFR21            00A80-00AEF              70           1
        SFR22            00B00-00B6F              70           1
        SFR23            00B80-00BEF              70           1
        SFR24            00C00-00C6F              70           1
        SFR25            00C80-00CEF              70           1
        SFR26            00D00-00D6F              70           1
        SFR27            00D80-00DEF              70           1
        SFR28            00E00-00E6F              70           1
        SFR29            00E80-00EEF              70           1
        SFR3             00180-001EF              70           1
        SFR30            00F00-00F6F              70           1
        SFR31            00F80-00FEF              70           1
        SFR4             00200-0026F              70           1
        SFR5             00280-002EF              70           1
        SFR6             00300-0036F              70           1
        SFR7             00380-003EF              70           1
        SFR8             00400-0046F              70           1
        SFR9             00480-004EF              70           1
        STACK            02082-020EF              6E           1
        STRCODE          00002-00003               2           2
                         005E0-005FF              20
                         007CE-007CF               2
        STRING           00002-00003               2           2
                         005E0-005FF              20
                         007CE-007CF               2

                                  Symbol Table

?_ADC_read                        cstackCOMMON 00071
GET_CHAR_HELPER@val               cstackCOMMON 00072
Load@address                      cstackCOMMON 00071
Load@data_length                  cstackCOMMON 00074
Load@i                            cstackCOMMON 00076
Load@ptr                          cstackCOMMON 00073
SEND_DATA_BYTE@b                  cstackCOMMON 00074
Save@address                      cstackCOMMON 00071
Save@data_length                  cstackCOMMON 00074
Save@i                            cstackCOMMON 00076
Save@ptr                          cstackCOMMON 00073
Send_Byte@data                    cstackCOMMON 00071
_ADCON0bits                       (abs)        0009D
_ADCON1                           (abs)        0009E
_ADC_read                         text21       00569
_ADRES                            (abs)        0009B
_ANSELA                           (abs)        0018C
_ANSELAbits                       (abs)        0018C
_BAUDCONbits                      (abs)        0019F
_DACCON0bits                      (abs)        00118
_Disable_Modulation               text20       005D6
_GET_CHAR_HELPER                  text10       0054C
_High_Priority_Interrupt          intentry     00004
_INTCONbits                       (abs)        0000B
_Load                             text25       00777
_LoadFromFlash                    text23       00449
_Modulate_Serial                  text19       005BF
_OPTION_REGbits                   (abs)        00095
_OSCCON                           (abs)        00099
_PIE1bits                         (abs)        00091
_PIR1bits                         (abs)        00011
_PMADR                            (abs)        00191
_PMADRL                           (abs)        00191
_PMCON1bits                       (abs)        00195
_PMCON2                           (abs)        00196
_PMDAT                            (abs)        00193
_PORTAbits                        (abs)        0000C
_PWM3CONbits                      (abs)        00DBB
_PWM3DC                           (abs)        00DB3
_PWM3LDCONbits                    (abs)        00DBF
_PWM3PH                           (abs)        00DB1
_PWM3PR                           (abs)        00DB5
_RCREG                            (abs)        00199
_RCSTAbits                        (abs)        0019D
_SEND_DATA_BYTE                   text9        0052A
_SEND_EOF                         text8        005B5
_SEND_SOF                         text7        005A9
_SPBRGL                           (abs)        0019B
_Save                             text24       006FF
_Send_Byte                        text18       007C0
_Setup                            text22       00507
_T1CONbits                        (abs)        00018
_T2CONbits                        (abs)        0001C
_TMR0                             (abs)        00015
_TMR1                             (abs)        00016
_TMR2                             (abs)        0001A
_TRISAbits                        (abs)        0008C
_TXREG                            (abs)        0019A
_TXSTAbits                        (abs)        0019E
__CFG_BOREN$ON                    (abs)        00000
__CFG_BORV$LO                     (abs)        00000
__CFG_CLKOUTEN$OFF                (abs)        00000
__CFG_CP$OFF                      (abs)        00000
__CFG_FOSC$INTOSC                 (abs)        00000
__CFG_LPBOREN$OFF                 (abs)        00000
__CFG_LVP$OFF                     (abs)        00000
__CFG_MCLRE$ON                    (abs)        00000
__CFG_PLLEN$OFF                   (abs)        00000
__CFG_PWRTE$OFF                   (abs)        00000
__CFG_STVREN$ON                   (abs)        00000
__CFG_WDTE$OFF                    (abs)        00000
__CFG_WRT$OFF                     (abs)        00000
__Habs1                           abs1         00000
__Hbank0                          bank0        00000
__Hbank1                          bank1        00000
__Hbank10                         bank10       00000
__Hbank11                         bank11       00000
__Hbank12                         bank12       00000
__Hbank13                         bank13       00000
__Hbank14                         bank14       00000
__Hbank15                         bank15       00000
__Hbank16                         bank16       00000
__Hbank17                         bank17       00000
__Hbank18                         bank18       00000
__Hbank19                         bank19       00000
__Hbank2                          bank2        00000
__Hbank20                         bank20       00000
__Hbank21                         bank21       00000
__Hbank22                         bank22       00000
__Hbank23                         bank23       00000
__Hbank24                         bank24       00000
__Hbank25                         bank25       00000
__Hbank26                         bank26       00000
__Hbank27                         bank27       00000
__Hbank28                         bank28       00000
__Hbank29                         bank29       00000
__Hbank3                          bank3        00000
__Hbank30                         bank30       00000
__Hbank31                         bank31       00000
__Hbank4                          bank4        00000
__Hbank5                          bank5        00000
__Hbank6                          bank6        00000
__Hbank7                          bank7        00000
__Hbank8                          bank8        00000
__Hbank9                          bank9        00000
__Hbigram                         bigram       00000
__HbssBANK0                       bssBANK0     00000
__HbssBANK1                       bssBANK1     00000
__HbssCOMMON                      bssCOMMON    00000
__Hcinit                          cinit        00028
__Hclrtext                        clrtext      00000
__Hcode                           code         00000
__Hcommon                         common       00000
__Hconfig                         config       08009
__HcstackBANK0                    cstackBANK0  00000
__HcstackCOMMON                   cstackCOMMON 00000
__Heeprom_data                    eeprom_data  00000
__Hend_init                       end_init     00018
__Hfunctab                        functab      00000
__Hidloc                          idloc        00000
__Hinit                           init         00017
__Hintentry                       intentry     00017
__Hmaintext                       maintext     00000
__Hpowerup                        powerup      00000
__Hram                            ram          00000
__Hreset_vec                      reset_vec    00002
__Hsfr0                           sfr0         00000
__Hsfr1                           sfr1         00000
__Hsfr10                          sfr10        00000
__Hsfr11                          sfr11        00000
__Hsfr12                          sfr12        00000
__Hsfr13                          sfr13        00000
__Hsfr14                          sfr14        00000
__Hsfr15                          sfr15        00000
__Hsfr16                          sfr16        00000
__Hsfr17                          sfr17        00000
__Hsfr18                          sfr18        00000
__Hsfr19                          sfr19        00000
__Hsfr2                           sfr2         00000
__Hsfr20                          sfr20        00000
__Hsfr21                          sfr21        00000
__Hsfr22                          sfr22        00000
__Hsfr23                          sfr23        00000
__Hsfr24                          sfr24        00000
__Hsfr25                          sfr25        00000
__Hsfr26                          sfr26        00000
__Hsfr27                          sfr27        00000
__Hsfr28                          sfr28        00000
__Hsfr29                          sfr29        00000
__Hsfr3                           sfr3         00000
__Hsfr30                          sfr30        00000
__Hsfr31                          sfr31        00000
__Hsfr4                           sfr4         00000
__Hsfr5                           sfr5         00000
__Hsfr6                           sfr6         00000
__Hsfr7                           sfr7         00000
__Hsfr8                           sfr8         00000
__Hsfr9                           sfr9         00000
__Hspace_0                        (abs)        08009
__Hspace_1                        (abs)        000D2
__Hspace_2                        (abs)        00000
__Hspace_3                        (abs)        00000
__Hstack                          stack        00000
__Hstrings                        strings      00000
__Hstringtext                     stringtext   00000
__Htext                           text         00000
__Labs1                           abs1         00000
__Lbank0                          bank0        00000
__Lbank1                          bank1        00000
__Lbank10                         bank10       00000
__Lbank11                         bank11       00000
__Lbank12                         bank12       00000
__Lbank13                         bank13       00000
__Lbank14                         bank14       00000
__Lbank15                         bank15       00000
__Lbank16                         bank16       00000
__Lbank17                         bank17       00000
__Lbank18                         bank18       00000
__Lbank19                         bank19       00000
__Lbank2                          bank2        00000
__Lbank20                         bank20       00000
__Lbank21                         bank21       00000
__Lbank22                         bank22       00000
__Lbank23                         bank23       00000
__Lbank24                         bank24       00000
__Lbank25                         bank25       00000
__Lbank26                         bank26       00000
__Lbank27                         bank27       00000
__Lbank28                         bank28       00000
__Lbank29                         bank29       00000
__Lbank3                          bank3        00000
__Lbank30                         bank30       00000
__Lbank31                         bank31       00000
__Lbank4                          bank4        00000
__Lbank5                          bank5        00000
__Lbank6                          bank6        00000
__Lbank7                          bank7        00000
__Lbank8                          bank8        00000
__Lbank9                          bank9        00000
__Lbigram                         bigram       00000
__LbssBANK0                       bssBANK0     00000
__LbssBANK1                       bssBANK1     00000
__LbssCOMMON                      bssCOMMON    00000
__Lcinit                          cinit        00018
__Lclrtext                        clrtext      00000
__Lcode                           code         00000
__Lcommon                         common       00000
__Lconfig                         config       08007
__LcstackBANK0                    cstackBANK0  00000
__LcstackCOMMON                   cstackCOMMON 00000
__Leeprom_data                    eeprom_data  00000
__Lend_init                       end_init     00017
__Lfunctab                        functab      00000
__Lidloc                          idloc        00000
__Linit                           init         00017
__Lintentry                       intentry     00004
__Lmaintext                       maintext     00000
__Lpowerup                        powerup      00000
__Lram                            ram          00000
__Lreset_vec                      reset_vec    00000
__Lsfr0                           sfr0         00000
__Lsfr1                           sfr1         00000
__Lsfr10                          sfr10        00000
__Lsfr11                          sfr11        00000
__Lsfr12                          sfr12        00000
__Lsfr13                          sfr13        00000
__Lsfr14                          sfr14        00000
__Lsfr15                          sfr15        00000
__Lsfr16                          sfr16        00000
__Lsfr17                          sfr17        00000
__Lsfr18                          sfr18        00000
__Lsfr19                          sfr19        00000
__Lsfr2                           sfr2         00000
__Lsfr20                          sfr20        00000
__Lsfr21                          sfr21        00000
__Lsfr22                          sfr22        00000
__Lsfr23                          sfr23        00000
__Lsfr24                          sfr24        00000
__Lsfr25                          sfr25        00000
__Lsfr26                          sfr26        00000
__Lsfr27                          sfr27        00000
__Lsfr28                          sfr28        00000
__Lsfr29                          sfr29        00000
__Lsfr3                           sfr3         00000
__Lsfr30                          sfr30        00000
__Lsfr31                          sfr31        00000
__Lsfr4                           sfr4         00000
__Lsfr5                           sfr5         00000
__Lsfr6                           sfr6         00000
__Lsfr7                           sfr7         00000
__Lsfr8                           sfr8         00000
__Lsfr9                           sfr9         00000
__Lspace_0                        (abs)        00000
__Lspace_1                        (abs)        00000
__Lspace_2                        (abs)        00000
__Lspace_3                        (abs)        00000
__Lstack                          stack        00000
__Lstrings                        strings      00000
__Lstringtext                     stringtext   00000
__Ltext                           text         00000
__S0                              (abs)        08009
__S1                              (abs)        000D2
__S2                              (abs)        00000
___int_sp                         stack        00000
___latbits                        (abs)        00000
___sp                             stack        00000
__checksum                        bssBANK0     00060
__end_of_ADC_read                 text21       00586
__end_of_Disable_Modulation       text20       005DA
__end_of_GET_CHAR_HELPER          text10       00569
__end_of_High_Priority_Interrupt  intentry     00017
__end_of_Load                     text25       0079C
__end_of_LoadFromFlash            text23       004A9
__end_of_Modulate_Serial          text19       005C6
__end_of_SEND_DATA_BYTE           text9        0054C
__end_of_SEND_EOF                 text8        005BF
__end_of_SEND_SOF                 text7        005B5
__end_of_Save                     text24       00746
__end_of_Send_Byte                text18       007CE
__end_of_Setup                    text22       0052A
__end_of__initialization          cinit        00025
__end_of_add_to_hitlist           text11       006AC
__end_of_control_transfer         text6        00343
__end_of_dead_song                stringtext   00658
__end_of_death_song               stringtext   00626
__end_of_fire_song                stringtext   00646
__end_of_handle_fire              text12       00449
__end_of_handle_music             text4        00777
__end_of_handle_serial            text1        006FF
__end_of_hit_by                   text2        003CB
__end_of_led_off                  text17       005E0
__end_of_main                     maintext     005A9
__end_of_one_up                   stringtext   00652
__end_of_play_song                text16       007C0
__end_of_red_led_on               text15       005D6
__end_of_stop_song                text13       005D1
__end_of_super_dead_mode          text3        00507
__end_of_tone                     text5        0059D
__end_of_tone_off                 text14       005DD
__i                               bssBANK0     00056
__initialization                  cinit        00018
__pbssBANK0                       bssBANK0     00056
__pbssBANK1                       bssBANK1     000A0
__pbssCOMMON                      bssCOMMON    0007C
__pcstackBANK0                    cstackBANK0  00020
__pcstackCOMMON                   cstackCOMMON 00070
__pintentry                       intentry     00004
__pmaintext                       maintext     0059D
__pstringtext                     stringtext   00600
__ptext1                          text1        006AC
__ptext10                         text10       0054C
__ptext11                         text11       00658
__ptext12                         text12       003CB
__ptext13                         text13       005CC
__ptext14                         text14       005DA
__ptext15                         text15       005D1
__ptext16                         text16       0079C
__ptext17                         text17       005DD
__ptext18                         text18       007C0
__ptext19                         text19       005BF
__ptext2                          text2        00343
__ptext20                         text20       005D6
__ptext21                         text21       00569
__ptext22                         text22       00507
__ptext23                         text23       00449
__ptext24                         text24       006FF
__ptext25                         text25       00777
__ptext3                          text3        004A9
__ptext4                          text4        00746
__ptext5                          text5        00586
__ptext6                          text6        00028
__ptext7                          text7        005A9
__ptext8                          text8        005B5
__ptext9                          text9        0052A
__size_of_ADC_read                (abs)        00000
__size_of_Disable_Modulation      (abs)        00000
__size_of_GET_CHAR_HELPER         (abs)        00000
__size_of_High_Priority_Interrupt (abs)        00000
__size_of_Load                    (abs)        00000
__size_of_LoadFromFlash           (abs)        00000
__size_of_Modulate_Serial         (abs)        00000
__size_of_SEND_DATA_BYTE          (abs)        00000
__size_of_SEND_EOF                (abs)        00000
__size_of_SEND_SOF                (abs)        00000
__size_of_Save                    (abs)        00000
__size_of_Send_Byte               (abs)        00000
__size_of_Setup                   (abs)        00000
__size_of_add_to_hitlist          (abs)        00000
__size_of_control_transfer        (abs)        00000
__size_of_handle_fire             (abs)        00000
__size_of_handle_music            (abs)        00000
__size_of_handle_serial           (abs)        00000
__size_of_hit_by                  (abs)        00000
__size_of_led_off                 (abs)        00000
__size_of_main                    (abs)        00000
__size_of_play_song               (abs)        00000
__size_of_red_led_on              (abs)        00000
__size_of_stop_song               (abs)        00000
__size_of_super_dead_mode         (abs)        00000
__size_of_tone                    (abs)        00000
__size_of_tone_off                (abs)        00000
__x                               bssBANK0     00066
__y                               bssBANK0     00067
_add_to_hitlist                   text11       00658
_config                           bssBANK1     000C0
_control_transfer                 text6        00028
_cur_song                         bssBANK0     00058
_cur_song_duration                bssBANK0     0005A
_cur_song_length                  bssBANK0     00061
_cur_song_ptr                     bssCOMMON    0007C
_cur_song_repeat                  bssBANK0     00062
_dead_song                        stringtext   00652
_death_song                       stringtext   00600
_fire_song                        stringtext   00626
_handle_fire                      text12       003CB
_handle_music                     text4        00746
_handle_serial                    text1        006AC
_hit_by                           text2        00343
_hitlist                          bssBANK1     000A0
_led_off                          text17       005DD
_main                             maintext     0059D
_my_random_number                 bssBANK0     00063
_one_up                           stringtext   00646
_play_song                        text16       0079C
_red_led_on                       text15       005D1
_stop_song                        text13       005CC
_super_dead_mode                  text3        004A9
_tone                             text5        00586
_tone_off                         text14       005DA
add_to_hitlist@gun                cstackCOMMON 00075
add_to_hitlist@gun16              cstackCOMMON 00076
add_to_hitlist@i                  cstackCOMMON 00078
btemp                             (abs)        0007E
clear_ram0                        clrtext      005C6
control_transfer@cmd              cstackBANK0  00040
control_transfer@data             cstackBANK0  00020
control_transfer@dptr             cstackBANK0  00043
control_transfer@i                cstackBANK0  00044
control_transfer@id               cstackBANK0  00042
control_transfer@page             cstackBANK0  00045
control_transfer@random_number    cstackBANK0  00041
control_transfer@x                cstackBANK0  00047
end_of_initialization             cinit        00025
handle_fire@a                     cstackBANK0  00020
handle_fire@counter               bssBANK0     0005C
handle_fire@timer                 bssBANK0     0005E
handle_serial@b                   cstackCOMMON 0007B
handle_serial@rx_counter          bssBANK0     00064
handle_serial@rx_id               bssBANK0     00065
hit_by@i                          cstackBANK0  00052
hit_by@i_790                      cstackBANK0  00053
hit_by@respawn_timer              cstackBANK0  00050
hit_by@who                        cstackBANK0  0004F
intlevel0                         functab      00000
intlevel1                         functab      00000
intlevel2                         functab      00000
intlevel3                         functab      00000
intlevel4                         functab      00000
intlevel5                         functab      00000
ltemp                             (abs)        0007E
ltemp0                            (abs)        0007E
ltemp1                            (abs)        00082
ltemp2                            (abs)        00086
ltemp3                            (abs)        00080
pic14e$flags                      (abs)        0007E
play_song@length                  cstackCOMMON 00073
play_song@note_duration           cstackCOMMON 00074
play_song@repeat                  cstackCOMMON 00076
play_song@song                    cstackCOMMON 00071
reset_vec                         reset_vec    00000
stackhi                           (abs)        020EF
stacklo                           (abs)        02082
start                             init         00017
start_initialization              cinit        00018
super_dead_mode@b                 cstackBANK0  0004A
super_dead_mode@counter           cstackBANK0  0004B
tone@period                       cstackCOMMON 00071
ttemp                             (abs)        0007E
ttemp0                            (abs)        0007E
ttemp1                            (abs)        00081
ttemp2                            (abs)        00084
ttemp3                            (abs)        00087
ttemp4                            (abs)        0007F
wtemp                             (abs)        0007E
wtemp0                            (abs)        0007E
wtemp1                            (abs)        00080
wtemp2                            (abs)        00082
wtemp3                            (abs)        00084
wtemp4                            (abs)        00086
wtemp5                            (abs)        00088
wtemp6                            (abs)        0007F


FUNCTION INFORMATION:

 *************** function _main *****************
 Defined at:
		line 48 in file "main.c"
 Parameters:    Size  Location     Type
		None
 Auto vars:     Size  Location     Type
		None
 Return value:  Size  Location     Type
		None               void
 Registers used:
		wreg, fsr0l, fsr0h, fsr1l, fsr1h, status,2, status,0, pclath, cstack
 Tracked objects:
		On entry : 
		On exit  : 
		Unchanged: 
 Data sizes:     COMMON   BANK0   BANK1   BANK2
      Params:         0       0       0       0
      Locals:         0       0       0       0
      Temps:          0       0       0       0
      Totals:         0       0       0       0
Total ram usage:        0 bytes
 Hardware stack levels required when called:    9
 This function calls:
		_LoadFromFlash
		_Setup
		_handle_fire
		_handle_music
		_handle_serial
		_super_dead_mode
 This function is called by:
		Startup code after reset
 This function uses a non-reentrant model


 *************** function _handle_serial *****************
 Defined at:
		line 137 in file "protocol.c"
 Parameters:    Size  Location     Type
		None
 Auto vars:     Size  Location     Type
  b               1   11[COMMON] unsigned char 
 Return value:  Size  Location     Type
                  1    wreg      unsigned char 
 Registers used:
		wreg, fsr0l, fsr0h, fsr1l, fsr1h, status,2, status,0, pclath, cstack
 Tracked objects:
		On entry : 
		On exit  : 
		Unchanged: 
 Data sizes:     COMMON   BANK0   BANK1   BANK2
      Params:         0       0       0       0
      Locals:         1       0       0       0
      Temps:          0       2       0       0
      Totals:         1       2       0       0
Total ram usage:        3 bytes
 Hardware stack levels used:    1
 Hardware stack levels required when called:    8
 This function calls:
		_control_transfer
		_hit_by
 This function is called by:
		_main
 This function uses a non-reentrant model


 *************** function _hit_by *****************
 Defined at:
		line 363 in file "user.c"
 Parameters:    Size  Location     Type
  who             1    wreg     unsigned char 
 Auto vars:     Size  Location     Type
  who             1   47[BANK0 ] unsigned char 
  i               1   51[BANK0 ] unsigned char 
  i               1   50[BANK0 ] unsigned char 
  respawn_time    2   48[BANK0 ] unsigned int 
 Return value:  Size  Location     Type
		None               void
 Registers used:
		wreg, fsr0l, fsr0h, fsr1l, fsr1h, status,2, status,0, pclath, cstack
 Tracked objects:
		On entry : 
		On exit  : 
		Unchanged: 
 Data sizes:     COMMON   BANK0   BANK1   BANK2
      Params:         0       0       0       0
      Locals:         0       5       0       0
      Temps:          0       2       0       0
      Totals:         0       7       0       0
Total ram usage:        7 bytes
 Hardware stack levels used:    1
 Hardware stack levels required when called:    7
 This function calls:
		_Save
		_add_to_hitlist
		_handle_music
		_led_off
		_play_song
		_red_led_on
		_super_dead_mode
 This function is called by:
		_handle_serial
 This function uses a non-reentrant model


 *************** function _super_dead_mode *****************
 Defined at:
		line 337 in file "user.c"
 Parameters:    Size  Location     Type
		None
 Auto vars:     Size  Location     Type
  b               1   42[BANK0 ] unsigned char 
  counter         2   43[BANK0 ] unsigned int 
 Return value:  Size  Location     Type
		None               void
 Registers used:
		wreg, fsr0l, fsr0h, fsr1l, fsr1h, status,2, status,0, pclath, cstack
 Tracked objects:
		On entry : 
		On exit  : 
		Unchanged: 
 Data sizes:     COMMON   BANK0   BANK1   BANK2
      Params:         0       0       0       0
      Locals:         0       3       0       0
      Temps:          0       2       0       0
      Totals:         0       5       0       0
Total ram usage:        5 bytes
 Hardware stack levels used:    1
 Hardware stack levels required when called:    6
 This function calls:
		_Send_Byte
		_control_transfer
		_handle_music
		_led_off
		_play_song
		_red_led_on
 This function is called by:
		_main
		_hit_by
 This function uses a non-reentrant model


 *************** function _handle_music *****************
 Defined at:
		line 115 in file "user.c"
 Parameters:    Size  Location     Type
		None
 Auto vars:     Size  Location     Type
		None
 Return value:  Size  Location     Type
		None               void
 Registers used:
		wreg, fsr0l, fsr0h, status,2, status,0, pclath, cstack
 Tracked objects:
		On entry : 
		On exit  : 
		Unchanged: 
 Data sizes:     COMMON   BANK0   BANK1   BANK2
      Params:         0       0       0       0
      Locals:         0       0       0       0
      Temps:          2       0       0       0
      Totals:         2       0       0       0
Total ram usage:        2 bytes
 Hardware stack levels used:    1
 Hardware stack levels required when called:    3
 This function calls:
		_stop_song
		_tone
 This function is called by:
		_main
		_super_dead_mode
		_hit_by
 This function uses a non-reentrant model


 *************** function _tone *****************
 Defined at:
		line 136 in file "user.c"
 Parameters:    Size  Location     Type
  period          2    1[COMMON] unsigned int 
 Auto vars:     Size  Location     Type
		None
 Return value:  Size  Location     Type
		None               void
 Registers used:
		wreg, status,2, status,0
 Tracked objects:
		On entry : 
		On exit  : 
		Unchanged: 
 Data sizes:     COMMON   BANK0   BANK1   BANK2
      Params:         2       0       0       0
      Locals:         0       0       0       0
      Temps:          2       0       0       0
      Totals:         4       0       0       0
Total ram usage:        4 bytes
 Hardware stack levels used:    1
 Hardware stack levels required when called:    1
 This function calls:
		Nothing
 This function is called by:
		_handle_music
		_Buzz
 This function uses a non-reentrant model


 *************** function _control_transfer *****************
 Defined at:
		line 46 in file "protocol.c"
 Parameters:    Size  Location     Type
		None
 Auto vars:     Size  Location     Type
  data           32    0[BANK0 ] unsigned int [16]
  page            2   37[BANK0 ] unsigned int 
  x               1   39[BANK0 ] unsigned char 
  i               1   36[BANK0 ] unsigned char 
  dptr            1   35[BANK0 ] PTR unsigned char 
		 -> control_transfer@data(32), 
  id              1   34[BANK0 ] unsigned char 
  random_numbe    1   33[BANK0 ] unsigned char 
  cmd             1   32[BANK0 ] unsigned char 
 Return value:  Size  Location     Type
		None               void
 Registers used:
		wreg, fsr0l, fsr0h, fsr1l, fsr1h, status,2, status,0, pclath, cstack
 Tracked objects:
		On entry : 
		On exit  : 
		Unchanged: 
 Data sizes:     COMMON   BANK0   BANK1   BANK2
      Params:         0       0       0       0
      Locals:         0      40       0       0
      Temps:          2       0       0       0
      Totals:         2      40       0       0
Total ram usage:       42 bytes
 Hardware stack levels used:    1
 Hardware stack levels required when called:    5
 This function calls:
		_GET_CHAR_HELPER
		_Load
		_SEND_DATA_BYTE
		_SEND_EOF
		_SEND_SOF
		_Save
		_play_song
 This function is called by:
		_super_dead_mode
		_handle_serial
 This function uses a non-reentrant model


 *************** function _SEND_SOF *****************
 Defined at:
		line 38 in file "protocol.c"
 Parameters:    Size  Location     Type
		None
 Auto vars:     Size  Location     Type
		None
 Return value:  Size  Location     Type
		None               void
 Registers used:
		wreg, status,2, status,0, pclath, cstack
 Tracked objects:
		On entry : 
		On exit  : 
		Unchanged: 
 Data sizes:     COMMON   BANK0   BANK1   BANK2
      Params:         0       0       0       0
      Locals:         0       0       0       0
      Temps:          1       0       0       0
      Totals:         1       0       0       0
Total ram usage:        1 bytes
 Hardware stack levels used:    1
 Hardware stack levels required when called:    4
 This function calls:
		_SEND_DATA_BYTE
		_Send_Byte
 This function is called by:
		_control_transfer
 This function uses a non-reentrant model


 *************** function _SEND_EOF *****************
 Defined at:
		line 39 in file "protocol.c"
 Parameters:    Size  Location     Type
		None
 Auto vars:     Size  Location     Type
		None
 Return value:  Size  Location     Type
		None               void
 Registers used:
		wreg, status,2, status,0, pclath, cstack
 Tracked objects:
		On entry : 
		On exit  : 
		Unchanged: 
 Data sizes:     COMMON   BANK0   BANK1   BANK2
      Params:         0       0       0       0
      Locals:         0       0       0       0
      Temps:          1       0       0       0
      Totals:         1       0       0       0
Total ram usage:        1 bytes
 Hardware stack levels used:    1
 Hardware stack levels required when called:    4
 This function calls:
		_SEND_DATA_BYTE
		_Send_Byte
 This function is called by:
		_control_transfer
 This function uses a non-reentrant model


 *************** function _SEND_DATA_BYTE *****************
 Defined at:
		line 37 in file "protocol.c"
 Parameters:    Size  Location     Type
  b               1    wreg     unsigned char 
 Auto vars:     Size  Location     Type
  b               1    4[COMMON] unsigned char 
 Return value:  Size  Location     Type
		None               void
 Registers used:
		wreg, status,2, status,0, pclath, cstack
 Tracked objects:
		On entry : 
		On exit  : 
		Unchanged: 
 Data sizes:     COMMON   BANK0   BANK1   BANK2
      Params:         0       0       0       0
      Locals:         1       0       0       0
      Temps:          2       0       0       0
      Totals:         3       0       0       0
Total ram usage:        3 bytes
 Hardware stack levels used:    1
 Hardware stack levels required when called:    3
 This function calls:
		_Send_Byte
 This function is called by:
		_SEND_SOF
		_SEND_EOF
		_control_transfer
 This function uses a non-reentrant model


 *************** function _GET_CHAR_HELPER *****************
 Defined at:
		line 31 in file "protocol.c"
 Parameters:    Size  Location     Type
  val             1    wreg     PTR unsigned char 
		 -> _y(1), _x(1), 
 Auto vars:     Size  Location     Type
  val             1    2[COMMON] PTR unsigned char 
		 -> _y(1), _x(1), 
 Return value:  Size  Location     Type
                  1    wreg      unsigned char 
 Registers used:
		wreg, fsr1l, fsr1h, status,2
 Tracked objects:
		On entry : 
		On exit  : 
		Unchanged: 
 Data sizes:     COMMON   BANK0   BANK1   BANK2
      Params:         0       0       0       0
      Locals:         1       0       0       0
      Temps:          1       0       0       0
      Totals:         2       0       0       0
Total ram usage:        2 bytes
 Hardware stack levels used:    1
 Hardware stack levels required when called:    1
 This function calls:
		Nothing
 This function is called by:
		_control_transfer
 This function uses a non-reentrant model


 *************** function _add_to_hitlist *****************
 Defined at:
		line 319 in file "user.c"
 Parameters:    Size  Location     Type
  gun             1    wreg     unsigned char 
 Auto vars:     Size  Location     Type
  gun             1    5[COMMON] unsigned char 
  i               1    8[COMMON] unsigned char 
  gun16           2    6[COMMON] unsigned int 
 Return value:  Size  Location     Type
		None               void
 Registers used:
		wreg, fsr1l, fsr1h, status,2, status,0
 Tracked objects:
		On entry : 
		On exit  : 
		Unchanged: 
 Data sizes:     COMMON   BANK0   BANK1   BANK2
      Params:         0       0       0       0
      Locals:         4       0       0       0
      Temps:          4       0       0       0
      Totals:         8       0       0       0
Total ram usage:        8 bytes
 Hardware stack levels used:    1
 Hardware stack levels required when called:    1
 This function calls:
		Nothing
 This function is called by:
		_hit_by
 This function uses a non-reentrant model


 *************** function _handle_fire *****************
 Defined at:
		line 236 in file "user.c"
 Parameters:    Size  Location     Type
		None
 Auto vars:     Size  Location     Type
  a               2    0[BANK0 ] unsigned int 
 Return value:  Size  Location     Type
                  1    wreg      unsigned char 
 Registers used:
		wreg, fsr1l, fsr1h, status,2, status,0, pclath, cstack
 Tracked objects:
		On entry : 
		On exit  : 
		Unchanged: 
 Data sizes:     COMMON   BANK0   BANK1   BANK2
      Params:         0       0       0       0
      Locals:         0       2       0       0
      Temps:          2       0       0       0
      Totals:         2       2       0       0
Total ram usage:        4 bytes
 Hardware stack levels used:    1
 Hardware stack levels required when called:    3
 This function calls:
		_ADC_read
		_Send_Byte
		_led_off
		_play_song
		_red_led_on
		_stop_song
 This function is called by:
		_main
 This function uses a non-reentrant model


 *************** function _stop_song *****************
 Defined at:
		line 108 in file "user.c"
 Parameters:    Size  Location     Type
		None
 Auto vars:     Size  Location     Type
		None
 Return value:  Size  Location     Type
		None               void
 Registers used:
		status,2, status,0, pclath, cstack
 Tracked objects:
		On entry : 
		On exit  : 
		Unchanged: 
 Data sizes:     COMMON   BANK0   BANK1   BANK2
      Params:         0       0       0       0
      Locals:         0       0       0       0
      Temps:          0       0       0       0
      Totals:         0       0       0       0
Total ram usage:        0 bytes
 Hardware stack levels used:    1
 Hardware stack levels required when called:    2
 This function calls:
		_tone_off
 This function is called by:
		_handle_music
		_handle_fire
 This function uses a non-reentrant model


 *************** function _tone_off *****************
 Defined at:
		line 146 in file "user.c"
 Parameters:    Size  Location     Type
		None
 Auto vars:     Size  Location     Type
		None
 Return value:  Size  Location     Type
		None               void
 Registers used:
		None
 Tracked objects:
		On entry : 
		On exit  : 
		Unchanged: 
 Data sizes:     COMMON   BANK0   BANK1   BANK2
      Params:         0       0       0       0
      Locals:         0       0       0       0
      Temps:          0       0       0       0
      Totals:         0       0       0       0
Total ram usage:        0 bytes
 Hardware stack levels used:    1
 Hardware stack levels required when called:    1
 This function calls:
		Nothing
 This function is called by:
		_stop_song
		_Buzz
 This function uses a non-reentrant model


 *************** function _red_led_on *****************
 Defined at:
		line 78 in file "user.c"
 Parameters:    Size  Location     Type
		None
 Auto vars:     Size  Location     Type
		None
 Return value:  Size  Location     Type
		None               void
 Registers used:
		None
 Tracked objects:
		On entry : 
		On exit  : 
		Unchanged: 
 Data sizes:     COMMON   BANK0   BANK1   BANK2
      Params:         0       0       0       0
      Locals:         0       0       0       0
      Temps:          0       0       0       0
      Totals:         0       0       0       0
Total ram usage:        0 bytes
 Hardware stack levels used:    1
 Hardware stack levels required when called:    1
 This function calls:
		Nothing
 This function is called by:
		_handle_fire
		_super_dead_mode
		_hit_by
 This function uses a non-reentrant model


 *************** function _play_song *****************
 Defined at:
		line 95 in file "user.c"
 Parameters:    Size  Location     Type
  song            2    1[COMMON] PTR unsigned int 
		 -> one_up(12), death_song(38), dead_song(6), fire_song(32), 
  length          1    3[COMMON] unsigned char 
  note_duratio    2    4[COMMON] unsigned int 
  repeat          1    6[COMMON] unsigned char 
 Auto vars:     Size  Location     Type
		None
 Return value:  Size  Location     Type
		None               void
 Registers used:
		wreg, status,2, status,0
 Tracked objects:
		On entry : 
		On exit  : 
		Unchanged: 
 Data sizes:     COMMON   BANK0   BANK1   BANK2
      Params:         6       0       0       0
      Locals:         0       0       0       0
      Temps:          2       0       0       0
      Totals:         8       0       0       0
Total ram usage:        8 bytes
 Hardware stack levels used:    1
 Hardware stack levels required when called:    1
 This function calls:
		Nothing
 This function is called by:
		_handle_fire
		_super_dead_mode
		_hit_by
		_control_transfer
 This function uses a non-reentrant model


 *************** function _led_off *****************
 Defined at:
		line 90 in file "user.c"
 Parameters:    Size  Location     Type
		None
 Auto vars:     Size  Location     Type
		None
 Return value:  Size  Location     Type
		None               void
 Registers used:
		None
 Tracked objects:
		On entry : 
		On exit  : 
		Unchanged: 
 Data sizes:     COMMON   BANK0   BANK1   BANK2
      Params:         0       0       0       0
      Locals:         0       0       0       0
      Temps:          0       0       0       0
      Totals:         0       0       0       0
Total ram usage:        0 bytes
 Hardware stack levels used:    1
 Hardware stack levels required when called:    1
 This function calls:
		Nothing
 This function is called by:
		_handle_fire
		_super_dead_mode
		_hit_by
 This function uses a non-reentrant model


 *************** function _Send_Byte *****************
 Defined at:
		line 158 in file "user.c"
 Parameters:    Size  Location     Type
  data            1    wreg     unsigned char 
 Auto vars:     Size  Location     Type
  data            1    1[COMMON] unsigned char 
 Return value:  Size  Location     Type
		None               void
 Registers used:
		wreg, status,2, status,0, pclath, cstack
 Tracked objects:
		On entry : 
		On exit  : 
		Unchanged: 
 Data sizes:     COMMON   BANK0   BANK1   BANK2
      Params:         0       0       0       0
      Locals:         1       0       0       0
      Temps:          0       0       0       0
      Totals:         1       0       0       0
Total ram usage:        1 bytes
 Hardware stack levels used:    1
 Hardware stack levels required when called:    2
 This function calls:
		_Disable_Modulation
		_Modulate_Serial
 This function is called by:
		_handle_fire
		_super_dead_mode
		_SEND_DATA_BYTE
		_SEND_SOF
		_SEND_EOF
 This function uses a non-reentrant model


 *************** function _Modulate_Serial *****************
 Defined at:
		line 169 in file "user.c"
 Parameters:    Size  Location     Type
		None
 Auto vars:     Size  Location     Type
		None
 Return value:  Size  Location     Type
		None               void
 Registers used:
		status,2
 Tracked objects:
		On entry : 
		On exit  : 
		Unchanged: 
 Data sizes:     COMMON   BANK0   BANK1   BANK2
      Params:         0       0       0       0
      Locals:         0       0       0       0
      Temps:          0       0       0       0
      Totals:         0       0       0       0
Total ram usage:        0 bytes
 Hardware stack levels used:    1
 Hardware stack levels required when called:    1
 This function calls:
		Nothing
 This function is called by:
		_Send_Byte
 This function uses a non-reentrant model


 *************** function _Disable_Modulation *****************
 Defined at:
		line 176 in file "user.c"
 Parameters:    Size  Location     Type
		None
 Auto vars:     Size  Location     Type
		None
 Return value:  Size  Location     Type
		None               void
 Registers used:
		None
 Tracked objects:
		On entry : 
		On exit  : 
		Unchanged: 
 Data sizes:     COMMON   BANK0   BANK1   BANK2
      Params:         0       0       0       0
      Locals:         0       0       0       0
      Temps:          0       0       0       0
      Totals:         0       0       0       0
Total ram usage:        0 bytes
 Hardware stack levels used:    1
 Hardware stack levels required when called:    1
 This function calls:
		Nothing
 This function is called by:
		_Send_Byte
 This function uses a non-reentrant model


 *************** function _ADC_read *****************
 Defined at:
		line 68 in file "user.c"
 Parameters:    Size  Location     Type
		None
 Auto vars:     Size  Location     Type
		None
 Return value:  Size  Location     Type
                  2    1[COMMON] unsigned int 
 Registers used:
		wreg, status,2, status,0
 Tracked objects:
		On entry : 
		On exit  : 
		Unchanged: 
 Data sizes:     COMMON   BANK0   BANK1   BANK2
      Params:         2       0       0       0
      Locals:         0       0       0       0
      Temps:          2       0       0       0
      Totals:         4       0       0       0
Total ram usage:        4 bytes
 Hardware stack levels used:    1
 Hardware stack levels required when called:    1
 This function calls:
		Nothing
 This function is called by:
		_handle_fire
 This function uses a non-reentrant model


 *************** function _Setup *****************
 Defined at:
		line 31 in file "user.c"
 Parameters:    Size  Location     Type
		None
 Auto vars:     Size  Location     Type
		None
 Return value:  Size  Location     Type
		None               void
 Registers used:
		wreg, status,2, status,0
 Tracked objects:
		On entry : 
		On exit  : 
		Unchanged: 
 Data sizes:     COMMON   BANK0   BANK1   BANK2
      Params:         0       0       0       0
      Locals:         0       0       0       0
      Temps:          1       0       0       0
      Totals:         1       0       0       0
Total ram usage:        1 bytes
 Hardware stack levels used:    1
 Hardware stack levels required when called:    1
 This function calls:
		Nothing
 This function is called by:
		_main
 This function uses a non-reentrant model


 *************** function _LoadFromFlash *****************
 Defined at:
		line 28 in file "main.c"
 Parameters:    Size  Location     Type
		None
 Auto vars:     Size  Location     Type
		None
 Return value:  Size  Location     Type
		None               void
 Registers used:
		wreg, fsr1l, fsr1h, status,2, status,0, pclath, cstack
 Tracked objects:
		On entry : 
		On exit  : 
		Unchanged: 
 Data sizes:     COMMON   BANK0   BANK1   BANK2
      Params:         0       0       0       0
      Locals:         0       0       0       0
      Temps:          2       0       0       0
      Totals:         2       0       0       0
Total ram usage:        2 bytes
 Hardware stack levels used:    1
 Hardware stack levels required when called:    2
 This function calls:
		_Load
		_Save
 This function is called by:
		_main
 This function uses a non-reentrant model


 *************** function _Save *****************
 Defined at:
		line 202 in file "user.c"
 Parameters:    Size  Location     Type
  address         2    1[COMMON] unsigned int 
  ptr             1    3[COMMON] PTR unsigned int 
		 -> control_transfer@data(32), hitlist(32), config(18), 
  data_length     1    4[COMMON] unsigned char 
 Auto vars:     Size  Location     Type
  i               1    6[COMMON] unsigned char 
 Return value:  Size  Location     Type
		None               void
 Registers used:
		wreg, fsr1l, fsr1h, status,2, status,0
 Tracked objects:
		On entry : 
		On exit  : 
		Unchanged: 
 Data sizes:     COMMON   BANK0   BANK1   BANK2
      Params:         4       0       0       0
      Locals:         1       0       0       0
      Temps:          1       0       0       0
      Totals:         6       0       0       0
Total ram usage:        6 bytes
 Hardware stack levels used:    1
 Hardware stack levels required when called:    1
 This function calls:
		Nothing
 This function is called by:
		_LoadFromFlash
		_hit_by
		_control_transfer
 This function uses a non-reentrant model


 *************** function _Load *****************
 Defined at:
		line 190 in file "user.c"
 Parameters:    Size  Location     Type
  address         2    1[COMMON] unsigned int 
  ptr             1    3[COMMON] PTR unsigned int 
		 -> control_transfer@data(32), hitlist(32), config(18), 
  data_length     1    4[COMMON] unsigned char 
 Auto vars:     Size  Location     Type
  i               1    6[COMMON] unsigned char 
 Return value:  Size  Location     Type
		None               void
 Registers used:
		wreg, fsr1l, fsr1h, status,2, status,0
 Tracked objects:
		On entry : 
		On exit  : 
		Unchanged: 
 Data sizes:     COMMON   BANK0   BANK1   BANK2
      Params:         4       0       0       0
      Locals:         1       0       0       0
      Temps:          1       0       0       0
      Totals:         6       0       0       0
Total ram usage:        6 bytes
 Hardware stack levels used:    1
 Hardware stack levels required when called:    1
 This function calls:
		Nothing
 This function is called by:
		_LoadFromFlash
		_control_transfer
 This function uses a non-reentrant model


 *************** function _High_Priority_Interrupt *****************
 Defined at:
		line 295 in file "user.c"
 Parameters:    Size  Location     Type
		None
 Auto vars:     Size  Location     Type
		None
 Return value:  Size  Location     Type
		None               void
 Registers used:
		wreg, status,2, status,0
 Tracked objects:
		On entry : 
		On exit  : 
		Unchanged: 
 Data sizes:     COMMON   BANK0   BANK1   BANK2
      Params:         0       0       0       0
      Locals:         0       0       0       0
      Temps:          1       0       0       0
      Totals:         1       0       0       0
Total ram usage:        1 bytes
 Hardware stack levels used:    1
 This function calls:
		Nothing
 This function is called by:
		Interrupt level 1
 This function uses a non-reentrant model



MODULE INFORMATION

Module		Function		Class		Link	Load	Size
protocol.c
		_SEND_EOF      		CODE           	05B5	0000	10
		_SEND_DATA_BYTE		CODE           	052A	0000	34
		_handle_serial 		CODE           	06AC	0000	83
		_control_transf		CODE           	0028	0000	795
		_GET_CHAR_HELPE		CODE           	054C	0000	29
		_SEND_SOF      		CODE           	05A9	0000	12

protocol.c estimated size: 963

shared
		_death_song    		STRCODE        	0600	0000	38
		_fire_song     		STRCODE        	0626	0000	32
		_dead_song     		STRCODE        	0652	0000	6
		__initializatio		CODE           	0018	0000	13
		_one_up        		STRCODE        	0646	0000	12

shared estimated size: 101

user.c
		_Load          		CODE           	0777	0000	37
		_red_led_on    		CODE           	05D1	0000	5
		_hit_by        		CODE           	0343	0000	136
		_tone          		CODE           	0586	0000	23
		_led_off       		CODE           	05DD	0000	3
		_handle_fire   		CODE           	03CB	0000	126
		_handle_music  		CODE           	0746	0000	49
		_ADC_read      		CODE           	0569	0000	29
		_High_Priority_		CODE           	0004	0000	19
		_play_song     		CODE           	079C	0000	36
		_Setup         		CODE           	0507	0000	35
		_stop_song     		CODE           	05CC	0000	5
		_add_to_hitlist		CODE           	0658	0000	84
		_Disable_Modula		CODE           	05D6	0000	4
		_Send_Byte     		CODE           	07C0	0000	14
		_Save          		CODE           	06FF	0000	71
		_tone_off      		CODE           	05DA	0000	3
		_Modulate_Seria		CODE           	05BF	0000	7
		_super_dead_mod		CODE           	04A9	0000	94

user.c estimated size: 780

main.c
		_main          		CODE           	059D	0000	12
		_LoadFromFlash 		CODE           	0449	0000	96

main.c estimated size: 108

